utilities.jar
list.jar
commons-text-1.9.jar
commons-lang3-3.11.jar
